{
  "boardId": "7600de83-9ebe-4811-bcfb-d4963b62aa50",
  "nextPlayer": "ONE",
  "rowOne": {
    "pits": [
      {
        "stones": 6
      },
      {
        "stones": 6
      },
      {
        "stones": 6
      },
      {
        "stones": 6
      },
      {
        "stones": 6
      },
      {
        "stones": 6
      }
    ],
    "kalahaStones": 0
  },
  "rowTwo": {
    "pits": [
      {
        "stones": 6
      },
      {
        "stones": 6
      },
      {
        "stones": 6
      },
      {
        "stones": 6
      },
      {
        "stones": 6
      },
      {
        "stones": 6
      }
    ],
    "kalahaStones": 0
  },
  "gameOver": false,
  "winner": null
}