{
  "boardId": "7600de83-9ebe-4811-bcfb-d4963b62aa50",
  "nextPlayer": "ONE",
  "rowOne": {
    "cells": [
      {
        "stones": 0
      },
      {
        "stones": 0
      },
      {
        "stones": 0
      },
      {
        "stones": 0
      },
      {
        "stones": 0
      },
      {
        "stones": 0
      }
    ],
    "kalahaStones": 24
  },
  "rowTwo": {
    "cells": [
      {
        "stones": 0
      },
      {
        "stones": 0
      },
      {
        "stones": 0
      },
      {
        "stones": 0
      },
      {
        "stones": 0
      },
      {
        "stones": 0
      }
    ],
    "kalahaStones": 30
  },
  "gameOver": true,
  "winner": "TWO"
}